../Core/Src/main.c:86:6:HAL_UART_RxCpltCallback	24	static
../Core/Src/main.c:109:6:set_motor_speed	40	static
../Core/Src/main.c:204:6:set_motor_speed_trapezoid	32	static
../Core/Src/main.c:284:5:main	16	static
../Core/Src/main.c:346:6:SystemClock_Config	72	static
../Core/Src/main.c:386:13:MX_TIM1_Init	80	static
../Core/Src/main.c:455:13:MX_TIM2_Init	48	static
../Core/Src/main.c:508:13:MX_TIM3_Init	48	static
../Core/Src/main.c:561:13:MX_USART3_UART_Init	8	static
../Core/Src/main.c:594:13:MX_GPIO_Init	40	static
../Core/Src/main.c:642:6:Error_Handler	4	static,ignoring_inline_asm
