../Core/Src/main.c:116:6:can_irq	2
../Core/Src/main.c:123:19:can_send	2
../Core/Src/main.c:148:5:main	6
../Core/Src/main.c:257:6:SystemClock_Config	4
../Core/Src/main.c:303:13:MX_CAN_Init	6
../Core/Src/main.c:373:13:MX_I2C1_Init	4
../Core/Src/main.c:421:13:MX_USART1_UART_Init	2
../Core/Src/main.c:456:13:MX_USART2_UART_Init	2
../Core/Src/main.c:491:13:MX_USART3_UART_Init	2
../Core/Src/main.c:526:13:MX_USART4_UART_Init	2
../Core/Src/main.c:561:13:MX_GPIO_Init	1
../Core/Src/main.c:594:6:Error_Handler	1
