../Core/Src/main.c:116:6:can_irq	16	static
../Core/Src/main.c:123:19:can_send	64	static
../Core/Src/main.c:148:5:main	8	static
../Core/Src/main.c:257:6:SystemClock_Config	112	static
../Core/Src/main.c:303:13:MX_CAN_Init	48	static
../Core/Src/main.c:373:13:MX_I2C1_Init	8	static
../Core/Src/main.c:421:13:MX_USART1_UART_Init	8	static
../Core/Src/main.c:456:13:MX_USART2_UART_Init	8	static
../Core/Src/main.c:491:13:MX_USART3_UART_Init	8	static
../Core/Src/main.c:526:13:MX_USART4_UART_Init	8	static
../Core/Src/main.c:561:13:MX_GPIO_Init	48	static
../Core/Src/main.c:594:6:Error_Handler	8	static,ignoring_inline_asm
